// Vitest Snapshot v1, https://vitest.dev/guide/snapshot.html

exports[`tokenize > parse blockquotes 1`] = `
[
  {
    "raw": "> Blockquotes are very handy in email to emulate reply text.
> This line is part of the same quote.",
    "text": "Blockquotes are very handy in email to emulate reply text.
This line is part of the same quote.",
    "tokens": [
      {
        "raw": "Blockquotes are very handy in email to emulate reply text.
This line is part of the same quote.",
        "text": "Blockquotes are very handy in email to emulate reply text.
This line is part of the same quote.",
        "tokens": [
          {
            "escaped": false,
            "raw": "Blockquotes are very handy in email to emulate reply text.
This line is part of the same quote.",
            "text": "Blockquotes are very handy in email to emulate reply text.
This line is part of the same quote.",
            "type": "text",
          },
        ],
        "type": "paragraph",
      },
    ],
    "type": "blockquote",
  },
  {
    "raw": "

",
    "type": "space",
  },
  {
    "raw": "Quote break.",
    "text": "Quote break.",
    "tokens": [
      {
        "escaped": false,
        "raw": "Quote break.",
        "text": "Quote break.",
        "type": "text",
      },
    ],
    "type": "paragraph",
  },
  {
    "raw": "

",
    "type": "space",
  },
  {
    "raw": "> This is a very long line that will still be quoted properly when it wraps. Oh boy let's keep writing to make sure this is long enough to actually wrap for everyone. Oh, you can *put* **Markdown** into a blockquote.",
    "text": "This is a very long line that will still be quoted properly when it wraps. Oh boy let's keep writing to make sure this is long enough to actually wrap for everyone. Oh, you can *put* **Markdown** into a blockquote.",
    "tokens": [
      {
        "raw": "This is a very long line that will still be quoted properly when it wraps. Oh boy let's keep writing to make sure this is long enough to actually wrap for everyone. Oh, you can *put* **Markdown** into a blockquote.",
        "text": "This is a very long line that will still be quoted properly when it wraps. Oh boy let's keep writing to make sure this is long enough to actually wrap for everyone. Oh, you can *put* **Markdown** into a blockquote.",
        "tokens": [
          {
            "escaped": false,
            "raw": "This is a very long line that will still be quoted properly when it wraps. Oh boy let's keep writing to make sure this is long enough to actually wrap for everyone. Oh, you can ",
            "text": "This is a very long line that will still be quoted properly when it wraps. Oh boy let's keep writing to make sure this is long enough to actually wrap for everyone. Oh, you can ",
            "type": "text",
          },
          {
            "raw": "*put*",
            "text": "put",
            "tokens": [
              {
                "escaped": false,
                "raw": "put",
                "text": "put",
                "type": "text",
              },
            ],
            "type": "em",
          },
          {
            "escaped": false,
            "raw": " ",
            "text": " ",
            "type": "text",
          },
          {
            "raw": "**Markdown**",
            "text": "Markdown",
            "tokens": [
              {
                "escaped": false,
                "raw": "Markdown",
                "text": "Markdown",
                "type": "text",
              },
            ],
            "type": "strong",
          },
          {
            "escaped": false,
            "raw": " into a blockquote.",
            "text": " into a blockquote.",
            "type": "text",
          },
        ],
        "type": "paragraph",
      },
    ],
    "type": "blockquote",
  },
  {
    "raw": "

",
    "type": "space",
  },
  {
    "raw": "> Blockquotes can also be nested...
>> ...by using additional greater-than signs right next to each other...
> > > ...or with spaces between arrows.",
    "text": "Blockquotes can also be nested...
> ...by using additional greater-than signs right next to each other...
> > ...or with spaces between arrows.",
    "tokens": [
      {
        "raw": "Blockquotes can also be nested...
",
        "text": "Blockquotes can also be nested...",
        "tokens": [
          {
            "escaped": false,
            "raw": "Blockquotes can also be nested...",
            "text": "Blockquotes can also be nested...",
            "type": "text",
          },
        ],
        "type": "paragraph",
      },
      {
        "raw": "> ...by using additional greater-than signs right next to each other...
> > ...or with spaces between arrows.",
        "text": "...by using additional greater-than signs right next to each other...
> ...or with spaces between arrows.",
        "tokens": [
          {
            "raw": "...by using additional greater-than signs right next to each other...
",
            "text": "...by using additional greater-than signs right next to each other...",
            "tokens": [
              {
                "escaped": false,
                "raw": "...by using additional greater-than signs right next to each other...",
                "text": "...by using additional greater-than signs right next to each other...",
                "type": "text",
              },
            ],
            "type": "paragraph",
          },
          {
            "raw": "> ...or with spaces between arrows.",
            "text": "...or with spaces between arrows.",
            "tokens": [
              {
                "raw": "...or with spaces between arrows.",
                "text": "...or with spaces between arrows.",
                "tokens": [
                  {
                    "escaped": false,
                    "raw": "...or with spaces between arrows.",
                    "text": "...or with spaces between arrows.",
                    "type": "text",
                  },
                ],
                "type": "paragraph",
              },
            ],
            "type": "blockquote",
          },
        ],
        "type": "blockquote",
      },
    ],
    "type": "blockquote",
  },
]
`;

exports[`tokenize > parse code blocks 1`] = `
[
  {
    "lang": "javascript",
    "raw": "\`\`\`javascript
function test() {
  console.log('test');
}
\`\`\`",
    "text": "function test() {
  console.log('test');
}",
    "type": "code",
  },
]
`;

exports[`tokenize > parse escape 1`] = `
[
  {
    "raw": "\\*literal asterisks\\*",
    "text": "\\*literal asterisks\\*",
    "tokens": [
      {
        "raw": "\\*",
        "text": "*",
        "type": "escape",
      },
      {
        "escaped": false,
        "raw": "literal asterisks",
        "text": "literal asterisks",
        "type": "text",
      },
      {
        "raw": "\\*",
        "text": "*",
        "type": "escape",
      },
    ],
    "type": "paragraph",
  },
]
`;

exports[`tokenize > parse footnotes 1`] = `
[
  {
    "depth": 1,
    "raw": "# [Footnotes](https://github.com/markdown-it/markdown-it-footnote)

",
    "text": "[Footnotes](https://github.com/markdown-it/markdown-it-footnote)",
    "tokens": [
      {
        "href": "https://github.com/markdown-it/markdown-it-footnote",
        "raw": "[Footnotes](https://github.com/markdown-it/markdown-it-footnote)",
        "text": "Footnotes",
        "title": null,
        "tokens": [
          {
            "escaped": false,
            "raw": "Footnotes",
            "text": "Footnotes",
            "type": "text",
          },
        ],
        "type": "link",
      },
    ],
    "type": "heading",
  },
  {
    "raw": "Footnote 1 link[^first].",
    "text": "Footnote 1 link[^first].",
    "tokens": [
      {
        "escaped": false,
        "raw": "Footnote 1 link",
        "text": "Footnote 1 link",
        "type": "text",
      },
      {
        "id": 1,
        "label": "first",
        "raw": "[^first]",
        "type": "footnoteRef",
      },
      {
        "escaped": false,
        "raw": ".",
        "text": ".",
        "type": "text",
      },
    ],
    "type": "paragraph",
  },
  {
    "raw": "

",
    "type": "space",
  },
  {
    "raw": "Footnote 2 link[^second].",
    "text": "Footnote 2 link[^second].",
    "tokens": [
      {
        "escaped": false,
        "raw": "Footnote 2 link",
        "text": "Footnote 2 link",
        "type": "text",
      },
      {
        "id": 2,
        "label": "second",
        "raw": "[^second]",
        "type": "footnoteRef",
      },
      {
        "escaped": false,
        "raw": ".",
        "text": ".",
        "type": "text",
      },
    ],
    "type": "paragraph",
  },
  {
    "raw": "

",
    "type": "space",
  },
  {
    "raw": "Inline footnote^[Text of inline footnote] definition.",
    "text": "Inline footnote^[Text of inline footnote] definition.",
    "tokens": [
      {
        "escaped": false,
        "raw": "Inline footnote^[Text of inline footnote] definition.",
        "text": "Inline footnote^[Text of inline footnote] definition.",
        "type": "text",
      },
    ],
    "type": "paragraph",
  },
  {
    "raw": "

",
    "type": "space",
  },
  {
    "raw": "Duplicated footnote reference[^second].",
    "text": "Duplicated footnote reference[^second].",
    "tokens": [
      {
        "escaped": false,
        "raw": "Duplicated footnote reference",
        "text": "Duplicated footnote reference",
        "type": "text",
      },
      {
        "id": 2,
        "label": "second",
        "raw": "[^second]",
        "type": "footnoteRef",
      },
      {
        "escaped": false,
        "raw": ".",
        "text": ".",
        "type": "text",
      },
    ],
    "type": "paragraph",
  },
  {
    "raw": "

",
    "type": "space",
  },
  {
    "id": 1,
    "label": "first",
    "raw": "[^first]: Footnote **can have markup**

    and multiple paragraphs.",
    "tokens": [
      {
        "raw": "Footnote **can have markup**",
        "text": "Footnote **can have markup**",
        "tokens": [
          {
            "escaped": false,
            "raw": "Footnote ",
            "text": "Footnote ",
            "type": "text",
          },
          {
            "raw": "**can have markup**",
            "text": "can have markup",
            "tokens": [
              {
                "escaped": false,
                "raw": "can have markup",
                "text": "can have markup",
                "type": "text",
              },
            ],
            "type": "strong",
          },
        ],
        "type": "paragraph",
      },
      {
        "raw": "

",
        "type": "space",
      },
      {
        "raw": "and multiple paragraphs.",
        "text": "and multiple paragraphs.",
        "tokens": [
          {
            "escaped": false,
            "raw": "and multiple paragraphs.",
            "text": "and multiple paragraphs.",
            "type": "text",
          },
        ],
        "type": "paragraph",
      },
    ],
    "type": "footnote",
  },
  {
    "raw": "

",
    "type": "space",
  },
  {
    "id": 2,
    "label": "second",
    "raw": "[^second]: Footnote text.",
    "tokens": [
      {
        "raw": "Footnote text.",
        "text": "Footnote text.",
        "tokens": [
          {
            "escaped": false,
            "raw": "Footnote text.",
            "text": "Footnote text.",
            "type": "text",
          },
        ],
        "type": "paragraph",
      },
    ],
    "type": "footnote",
  },
]
`;

exports[`tokenize > parse heading 1`] = `
[
  {
    "depth": 1,
    "raw": "# h1 Heading 8-)
",
    "text": "h1 Heading 8-)",
    "tokens": [
      {
        "escaped": false,
        "raw": "h1 Heading 8-)",
        "text": "h1 Heading 8-)",
        "type": "text",
      },
    ],
    "type": "heading",
  },
  {
    "depth": 2,
    "raw": "## h2 Heading
",
    "text": "h2 Heading",
    "tokens": [
      {
        "escaped": false,
        "raw": "h2 Heading",
        "text": "h2 Heading",
        "type": "text",
      },
    ],
    "type": "heading",
  },
  {
    "depth": 3,
    "raw": "### h3 Heading
",
    "text": "h3 Heading",
    "tokens": [
      {
        "escaped": false,
        "raw": "h3 Heading",
        "text": "h3 Heading",
        "type": "text",
      },
    ],
    "type": "heading",
  },
  {
    "depth": 4,
    "raw": "#### h4 Heading
",
    "text": "h4 Heading",
    "tokens": [
      {
        "escaped": false,
        "raw": "h4 Heading",
        "text": "h4 Heading",
        "type": "text",
      },
    ],
    "type": "heading",
  },
  {
    "depth": 5,
    "raw": "##### h5 Heading
",
    "text": "h5 Heading",
    "tokens": [
      {
        "escaped": false,
        "raw": "h5 Heading",
        "text": "h5 Heading",
        "type": "text",
      },
    ],
    "type": "heading",
  },
  {
    "depth": 6,
    "raw": "###### h6 Heading",
    "text": "h6 Heading",
    "tokens": [
      {
        "escaped": false,
        "raw": "h6 Heading",
        "text": "h6 Heading",
        "type": "text",
      },
    ],
    "type": "heading",
  },
]
`;

exports[`tokenize > parse horizontal rules 1`] = `
[
  {
    "raw": "Three or more...",
    "text": "Three or more...",
    "tokens": [
      {
        "escaped": false,
        "raw": "Three or more...",
        "text": "Three or more...",
        "type": "text",
      },
    ],
    "type": "paragraph",
  },
  {
    "raw": "

",
    "type": "space",
  },
  {
    "raw": "---",
    "type": "hr",
  },
  {
    "raw": "

",
    "type": "space",
  },
  {
    "raw": "Hyphens",
    "text": "Hyphens",
    "tokens": [
      {
        "escaped": false,
        "raw": "Hyphens",
        "text": "Hyphens",
        "type": "text",
      },
    ],
    "type": "paragraph",
  },
  {
    "raw": "

",
    "type": "space",
  },
  {
    "raw": "***",
    "type": "hr",
  },
  {
    "raw": "

",
    "type": "space",
  },
  {
    "raw": "Asterisks",
    "text": "Asterisks",
    "tokens": [
      {
        "escaped": false,
        "raw": "Asterisks",
        "text": "Asterisks",
        "type": "text",
      },
    ],
    "type": "paragraph",
  },
  {
    "raw": "

",
    "type": "space",
  },
  {
    "raw": "___",
    "type": "hr",
  },
  {
    "raw": "

",
    "type": "space",
  },
  {
    "raw": "Underscores",
    "text": "Underscores",
    "tokens": [
      {
        "escaped": false,
        "raw": "Underscores",
        "text": "Underscores",
        "type": "text",
      },
    ],
    "type": "paragraph",
  },
]
`;

exports[`tokenize > parse images 1`] = `
[
  {
    "raw": "Inline-style:
![alt text](https://github.com/adam-p/markdown-here/raw/master/src/common/images/icon48.png "Logo Title Text 1")",
    "text": "Inline-style:
![alt text](https://github.com/adam-p/markdown-here/raw/master/src/common/images/icon48.png "Logo Title Text 1")",
    "tokens": [
      {
        "escaped": false,
        "raw": "Inline-style:
",
        "text": "Inline-style:
",
        "type": "text",
      },
      {
        "href": "https://github.com/adam-p/markdown-here/raw/master/src/common/images/icon48.png",
        "raw": "![alt text](https://github.com/adam-p/markdown-here/raw/master/src/common/images/icon48.png "Logo Title Text 1")",
        "text": "alt text",
        "title": "Logo Title Text 1",
        "type": "image",
      },
    ],
    "type": "paragraph",
  },
  {
    "raw": "

",
    "type": "space",
  },
  {
    "raw": "Reference-style:
![alt text][logo]",
    "text": "Reference-style:
![alt text][logo]",
    "tokens": [
      {
        "escaped": false,
        "raw": "Reference-style:
",
        "text": "Reference-style:
",
        "type": "text",
      },
      {
        "href": "https://github.com/adam-p/markdown-here/raw/master/src/common/images/icon48.png",
        "raw": "![alt text][logo]",
        "text": "alt text",
        "title": "Logo Title Text 2",
        "type": "image",
      },
    ],
    "type": "paragraph",
  },
  {
    "raw": "

",
    "type": "space",
  },
]
`;

exports[`tokenize > parse links 1`] = `
[
  {
    "raw": "[I'm an inline-style link](https://www.google.com)",
    "text": "[I'm an inline-style link](https://www.google.com)",
    "tokens": [
      {
        "href": "https://www.google.com",
        "raw": "[I'm an inline-style link](https://www.google.com)",
        "text": "I'm an inline-style link",
        "title": null,
        "tokens": [
          {
            "escaped": false,
            "raw": "I'm an inline-style link",
            "text": "I'm an inline-style link",
            "type": "text",
          },
        ],
        "type": "link",
      },
    ],
    "type": "paragraph",
  },
  {
    "raw": "

",
    "type": "space",
  },
  {
    "raw": "[I'm an inline-style link with title](https://www.google.com "Google's Homepage")",
    "text": "[I'm an inline-style link with title](https://www.google.com "Google's Homepage")",
    "tokens": [
      {
        "href": "https://www.google.com",
        "raw": "[I'm an inline-style link with title](https://www.google.com "Google's Homepage")",
        "text": "I'm an inline-style link with title",
        "title": "Google's Homepage",
        "tokens": [
          {
            "escaped": false,
            "raw": "I'm an inline-style link with title",
            "text": "I'm an inline-style link with title",
            "type": "text",
          },
        ],
        "type": "link",
      },
    ],
    "type": "paragraph",
  },
  {
    "raw": "

",
    "type": "space",
  },
  {
    "raw": "[I'm a reference-style link][Arbitrary case-insensitive reference text]",
    "text": "[I'm a reference-style link][Arbitrary case-insensitive reference text]",
    "tokens": [
      {
        "href": "https://www.mozilla.org",
        "raw": "[I'm a reference-style link][Arbitrary case-insensitive reference text]",
        "text": "I'm a reference-style link",
        "title": null,
        "tokens": [
          {
            "escaped": false,
            "raw": "I'm a reference-style link",
            "text": "I'm a reference-style link",
            "type": "text",
          },
        ],
        "type": "link",
      },
    ],
    "type": "paragraph",
  },
  {
    "raw": "

",
    "type": "space",
  },
  {
    "raw": "[I'm a relative reference to a repository file](../blob/master/LICENSE)",
    "text": "[I'm a relative reference to a repository file](../blob/master/LICENSE)",
    "tokens": [
      {
        "href": "../blob/master/LICENSE",
        "raw": "[I'm a relative reference to a repository file](../blob/master/LICENSE)",
        "text": "I'm a relative reference to a repository file",
        "title": null,
        "tokens": [
          {
            "escaped": false,
            "raw": "I'm a relative reference to a repository file",
            "text": "I'm a relative reference to a repository file",
            "type": "text",
          },
        ],
        "type": "link",
      },
    ],
    "type": "paragraph",
  },
  {
    "raw": "

",
    "type": "space",
  },
]
`;

exports[`tokenize > parse list 1`] = `
[
  {
    "raw": "
",
    "type": "space",
  },
  {
    "items": [
      {
        "checked": undefined,
        "loose": false,
        "raw": "1. Make my changes
    1. Fix bug
    2. Improve formatting
        - Make the headings bigger
",
        "task": false,
        "text": "Make my changes
 1. Fix bug
 2. Improve formatting
     - Make the headings bigger",
        "tokens": [
          {
            "raw": "Make my changes
",
            "text": "Make my changes",
            "tokens": [
              {
                "escaped": false,
                "raw": "Make my changes",
                "text": "Make my changes",
                "type": "text",
              },
            ],
            "type": "text",
          },
          {
            "items": [
              {
                "checked": undefined,
                "loose": false,
                "raw": " 1. Fix bug
",
                "task": false,
                "text": "Fix bug",
                "tokens": [
                  {
                    "raw": "Fix bug",
                    "text": "Fix bug",
                    "tokens": [
                      {
                        "escaped": false,
                        "raw": "Fix bug",
                        "text": "Fix bug",
                        "type": "text",
                      },
                    ],
                    "type": "text",
                  },
                ],
                "type": "list_item",
              },
              {
                "checked": undefined,
                "loose": false,
                "raw": " 2. Improve formatting
     - Make the headings bigger",
                "task": false,
                "text": "Improve formatting
 - Make the headings bigger",
                "tokens": [
                  {
                    "raw": "Improve formatting
",
                    "text": "Improve formatting",
                    "tokens": [
                      {
                        "escaped": false,
                        "raw": "Improve formatting",
                        "text": "Improve formatting",
                        "type": "text",
                      },
                    ],
                    "type": "text",
                  },
                  {
                    "items": [
                      {
                        "checked": undefined,
                        "loose": false,
                        "raw": " - Make the headings bigger",
                        "task": false,
                        "text": "Make the headings bigger",
                        "tokens": [
                          {
                            "raw": "Make the headings bigger",
                            "text": "Make the headings bigger",
                            "tokens": [
                              {
                                "escaped": false,
                                "raw": "Make the headings bigger",
                                "text": "Make the headings bigger",
                                "type": "text",
                              },
                            ],
                            "type": "text",
                          },
                        ],
                        "type": "list_item",
                      },
                    ],
                    "loose": false,
                    "ordered": false,
                    "raw": " - Make the headings bigger",
                    "start": "",
                    "type": "list",
                  },
                ],
                "type": "list_item",
              },
            ],
            "loose": false,
            "ordered": true,
            "raw": " 1. Fix bug
 2. Improve formatting
     - Make the headings bigger",
            "start": 1,
            "type": "list",
          },
        ],
        "type": "list_item",
      },
      {
        "checked": undefined,
        "loose": false,
        "raw": "2. Push my commits to GitHub
",
        "task": false,
        "text": "Push my commits to GitHub",
        "tokens": [
          {
            "raw": "Push my commits to GitHub",
            "text": "Push my commits to GitHub",
            "tokens": [
              {
                "escaped": false,
                "raw": "Push my commits to GitHub",
                "text": "Push my commits to GitHub",
                "type": "text",
              },
            ],
            "type": "text",
          },
        ],
        "type": "list_item",
      },
      {
        "checked": undefined,
        "loose": false,
        "raw": "3. Open a pull request
    * Describe my changes
    * Mention all the members of my team
        * Ask for feedback",
        "task": false,
        "text": "Open a pull request
 * Describe my changes
 * Mention all the members of my team
     * Ask for feedback",
        "tokens": [
          {
            "raw": "Open a pull request
",
            "text": "Open a pull request",
            "tokens": [
              {
                "escaped": false,
                "raw": "Open a pull request",
                "text": "Open a pull request",
                "type": "text",
              },
            ],
            "type": "text",
          },
          {
            "items": [
              {
                "checked": undefined,
                "loose": false,
                "raw": " * Describe my changes
",
                "task": false,
                "text": "Describe my changes",
                "tokens": [
                  {
                    "raw": "Describe my changes",
                    "text": "Describe my changes",
                    "tokens": [
                      {
                        "escaped": false,
                        "raw": "Describe my changes",
                        "text": "Describe my changes",
                        "type": "text",
                      },
                    ],
                    "type": "text",
                  },
                ],
                "type": "list_item",
              },
              {
                "checked": undefined,
                "loose": false,
                "raw": " * Mention all the members of my team
     * Ask for feedback",
                "task": false,
                "text": "Mention all the members of my team
  * Ask for feedback",
                "tokens": [
                  {
                    "raw": "Mention all the members of my team
",
                    "text": "Mention all the members of my team",
                    "tokens": [
                      {
                        "escaped": false,
                        "raw": "Mention all the members of my team",
                        "text": "Mention all the members of my team",
                        "type": "text",
                      },
                    ],
                    "type": "text",
                  },
                  {
                    "items": [
                      {
                        "checked": undefined,
                        "loose": false,
                        "raw": "  * Ask for feedback",
                        "task": false,
                        "text": "Ask for feedback",
                        "tokens": [
                          {
                            "raw": "Ask for feedback",
                            "text": "Ask for feedback",
                            "tokens": [
                              {
                                "escaped": false,
                                "raw": "Ask for feedback",
                                "text": "Ask for feedback",
                                "type": "text",
                              },
                            ],
                            "type": "text",
                          },
                        ],
                        "type": "list_item",
                      },
                    ],
                    "loose": false,
                    "ordered": false,
                    "raw": "  * Ask for feedback",
                    "start": "",
                    "type": "list",
                  },
                ],
                "type": "list_item",
              },
            ],
            "loose": false,
            "ordered": false,
            "raw": " * Describe my changes
 * Mention all the members of my team
     * Ask for feedback",
            "start": "",
            "type": "list",
          },
        ],
        "type": "list_item",
      },
    ],
    "loose": false,
    "ordered": true,
    "raw": "1. Make my changes
    1. Fix bug
    2. Improve formatting
        - Make the headings bigger
2. Push my commits to GitHub
3. Open a pull request
    * Describe my changes
    * Mention all the members of my team
        * Ask for feedback",
    "start": 1,
    "type": "list",
  },
]
`;

exports[`tokenize > parse list special 1`] = `
[
  {
    "items": [
      {
        "checked": undefined,
        "loose": false,
        "raw": "1. First ordered list item
",
        "task": false,
        "text": "First ordered list item",
        "tokens": [
          {
            "raw": "First ordered list item",
            "text": "First ordered list item",
            "tokens": [
              {
                "escaped": false,
                "raw": "First ordered list item",
                "text": "First ordered list item",
                "type": "text",
              },
            ],
            "type": "text",
          },
        ],
        "type": "list_item",
      },
      {
        "checked": undefined,
        "loose": false,
        "raw": "2. Another item
⋅⋅* Unordered sub-list.
",
        "task": false,
        "text": "Another item
⋅⋅* Unordered sub-list.",
        "tokens": [
          {
            "raw": "Another item

⋅⋅* Unordered sub-list.",
            "text": "Another item
⋅⋅* Unordered sub-list.",
            "tokens": [
              {
                "escaped": false,
                "raw": "Another item
⋅⋅* Unordered sub-list.",
                "text": "Another item
⋅⋅* Unordered sub-list.",
                "type": "text",
              },
            ],
            "type": "text",
          },
        ],
        "type": "list_item",
      },
      {
        "checked": undefined,
        "loose": false,
        "raw": "1. Actual numbers don't matter, just that it's a number
⋅⋅1. Ordered sub-list
",
        "task": false,
        "text": "Actual numbers don't matter, just that it's a number
⋅⋅1. Ordered sub-list",
        "tokens": [
          {
            "raw": "Actual numbers don't matter, just that it's a number

⋅⋅1. Ordered sub-list",
            "text": "Actual numbers don't matter, just that it's a number
⋅⋅1. Ordered sub-list",
            "tokens": [
              {
                "escaped": false,
                "raw": "Actual numbers don't matter, just that it's a number
⋅⋅1. Ordered sub-list",
                "text": "Actual numbers don't matter, just that it's a number
⋅⋅1. Ordered sub-list",
                "type": "text",
              },
            ],
            "type": "text",
          },
        ],
        "type": "list_item",
      },
      {
        "checked": undefined,
        "loose": false,
        "raw": "4. And another item.",
        "task": false,
        "text": "And another item.",
        "tokens": [
          {
            "raw": "And another item.",
            "text": "And another item.",
            "tokens": [
              {
                "escaped": false,
                "raw": "And another item.",
                "text": "And another item.",
                "type": "text",
              },
            ],
            "type": "text",
          },
        ],
        "type": "list_item",
      },
    ],
    "loose": false,
    "ordered": true,
    "raw": "1. First ordered list item
2. Another item
⋅⋅* Unordered sub-list.
1. Actual numbers don't matter, just that it's a number
⋅⋅1. Ordered sub-list
4. And another item.
",
    "start": 1,
    "type": "list",
  },
]
`;

exports[`tokenize > parse math 1`] = `
[
  {
    "raw": "** Inline math: ** $E=mc^2$",
    "text": "** Inline math: ** $E=mc^2$",
    "tokens": [
      {
        "escaped": false,
        "raw": "** Inline math: ** ",
        "text": "** Inline math: ** ",
        "type": "text",
      },
      {
        "displayMode": false,
        "raw": "$E=mc^2$",
        "text": "E=mc^2",
        "type": "inlineKatex",
      },
    ],
    "type": "paragraph",
  },
  {
    "raw": "

",
    "type": "space",
  },
  {
    "raw": "** Block math: **",
    "text": "** Block math: **",
    "tokens": [
      {
        "escaped": false,
        "raw": "** Block math: **",
        "text": "** Block math: **",
        "type": "text",
      },
    ],
    "type": "paragraph",
  },
  {
    "raw": "

",
    "type": "space",
  },
  {
    "displayMode": true,
    "raw": "$$
E=mc^2
$$

",
    "text": "E=mc^2",
    "type": "blockKatex",
  },
  {
    "raw": "** End Math **",
    "text": "** End Math **",
    "tokens": [
      {
        "escaped": false,
        "raw": "** End Math **",
        "text": "** End Math **",
        "type": "text",
      },
    ],
    "type": "paragraph",
  },
]
`;

exports[`tokenize > parse paragraph 1`] = `
[
  {
    "raw": "Emphasis, aka italics, with *asterisks* or _underscores_.",
    "text": "Emphasis, aka italics, with *asterisks* or _underscores_.",
    "tokens": [
      {
        "escaped": false,
        "raw": "Emphasis, aka italics, with ",
        "text": "Emphasis, aka italics, with ",
        "type": "text",
      },
      {
        "raw": "*asterisks*",
        "text": "asterisks",
        "tokens": [
          {
            "escaped": false,
            "raw": "asterisks",
            "text": "asterisks",
            "type": "text",
          },
        ],
        "type": "em",
      },
      {
        "escaped": false,
        "raw": " or ",
        "text": " or ",
        "type": "text",
      },
      {
        "raw": "_underscores_",
        "text": "underscores",
        "tokens": [
          {
            "escaped": false,
            "raw": "underscores",
            "text": "underscores",
            "type": "text",
          },
        ],
        "type": "em",
      },
      {
        "escaped": false,
        "raw": ".",
        "text": ".",
        "type": "text",
      },
    ],
    "type": "paragraph",
  },
  {
    "raw": "

",
    "type": "space",
  },
  {
    "raw": "Strong emphasis, aka bold, with **asterisks** or __underscores__.",
    "text": "Strong emphasis, aka bold, with **asterisks** or __underscores__.",
    "tokens": [
      {
        "escaped": false,
        "raw": "Strong emphasis, aka bold, with ",
        "text": "Strong emphasis, aka bold, with ",
        "type": "text",
      },
      {
        "raw": "**asterisks**",
        "text": "asterisks",
        "tokens": [
          {
            "escaped": false,
            "raw": "asterisks",
            "text": "asterisks",
            "type": "text",
          },
        ],
        "type": "strong",
      },
      {
        "escaped": false,
        "raw": " or ",
        "text": " or ",
        "type": "text",
      },
      {
        "raw": "__underscores__",
        "text": "underscores",
        "tokens": [
          {
            "escaped": false,
            "raw": "underscores",
            "text": "underscores",
            "type": "text",
          },
        ],
        "type": "strong",
      },
      {
        "escaped": false,
        "raw": ".",
        "text": ".",
        "type": "text",
      },
    ],
    "type": "paragraph",
  },
  {
    "raw": "

",
    "type": "space",
  },
  {
    "raw": "Combined emphasis with **asterisks and _underscores_**.",
    "text": "Combined emphasis with **asterisks and _underscores_**.",
    "tokens": [
      {
        "escaped": false,
        "raw": "Combined emphasis with ",
        "text": "Combined emphasis with ",
        "type": "text",
      },
      {
        "raw": "**asterisks and _underscores_**",
        "text": "asterisks and _underscores_",
        "tokens": [
          {
            "escaped": false,
            "raw": "asterisks and ",
            "text": "asterisks and ",
            "type": "text",
          },
          {
            "raw": "_underscores_",
            "text": "underscores",
            "tokens": [
              {
                "escaped": false,
                "raw": "underscores",
                "text": "underscores",
                "type": "text",
              },
            ],
            "type": "em",
          },
        ],
        "type": "strong",
      },
      {
        "escaped": false,
        "raw": ".",
        "text": ".",
        "type": "text",
      },
    ],
    "type": "paragraph",
  },
  {
    "raw": "

",
    "type": "space",
  },
  {
    "raw": "Strikethrough uses two tildes. ~~Scratch this.~~",
    "text": "Strikethrough uses two tildes. ~~Scratch this.~~",
    "tokens": [
      {
        "escaped": false,
        "raw": "Strikethrough uses two tildes. ",
        "text": "Strikethrough uses two tildes. ",
        "type": "text",
      },
      {
        "raw": "~~Scratch this.~~",
        "text": "Scratch this.",
        "tokens": [
          {
            "escaped": false,
            "raw": "Scratch this.",
            "text": "Scratch this.",
            "type": "text",
          },
        ],
        "type": "del",
      },
    ],
    "type": "paragraph",
  },
]
`;

exports[`tokenize > parse tables 1`] = `
[
  {
    "align": [
      null,
      "center",
      "right",
    ],
    "header": [
      {
        "align": null,
        "header": true,
        "text": "Tables",
        "tokens": [
          {
            "escaped": false,
            "raw": "Tables",
            "text": "Tables",
            "type": "text",
          },
        ],
      },
      {
        "align": "center",
        "header": true,
        "text": "Are",
        "tokens": [
          {
            "escaped": false,
            "raw": "Are",
            "text": "Are",
            "type": "text",
          },
        ],
      },
      {
        "align": "right",
        "header": true,
        "text": "Cool",
        "tokens": [
          {
            "escaped": false,
            "raw": "Cool",
            "text": "Cool",
            "type": "text",
          },
        ],
      },
    ],
    "raw": "| Tables        | Are           | Cool  |
| ------------- |:-------------:| -----:|
| col 3 is      | right-aligned | $1600 |
| col 2 is      | centered      |   $12 |
| zebra stripes | are neat      |    $1 |",
    "rows": [
      [
        {
          "align": null,
          "header": false,
          "text": "col 3 is",
          "tokens": [
            {
              "escaped": false,
              "raw": "col 3 is",
              "text": "col 3 is",
              "type": "text",
            },
          ],
        },
        {
          "align": "center",
          "header": false,
          "text": "right-aligned",
          "tokens": [
            {
              "escaped": false,
              "raw": "right-aligned",
              "text": "right-aligned",
              "type": "text",
            },
          ],
        },
        {
          "align": "right",
          "header": false,
          "text": "$1600",
          "tokens": [
            {
              "escaped": false,
              "raw": "$1600",
              "text": "$1600",
              "type": "text",
            },
          ],
        },
      ],
      [
        {
          "align": null,
          "header": false,
          "text": "col 2 is",
          "tokens": [
            {
              "escaped": false,
              "raw": "col 2 is",
              "text": "col 2 is",
              "type": "text",
            },
          ],
        },
        {
          "align": "center",
          "header": false,
          "text": "centered",
          "tokens": [
            {
              "escaped": false,
              "raw": "centered",
              "text": "centered",
              "type": "text",
            },
          ],
        },
        {
          "align": "right",
          "header": false,
          "text": "$12",
          "tokens": [
            {
              "escaped": false,
              "raw": "$12",
              "text": "$12",
              "type": "text",
            },
          ],
        },
      ],
      [
        {
          "align": null,
          "header": false,
          "text": "zebra stripes",
          "tokens": [
            {
              "escaped": false,
              "raw": "zebra stripes",
              "text": "zebra stripes",
              "type": "text",
            },
          ],
        },
        {
          "align": "center",
          "header": false,
          "text": "are neat",
          "tokens": [
            {
              "escaped": false,
              "raw": "are neat",
              "text": "are neat",
              "type": "text",
            },
          ],
        },
        {
          "align": "right",
          "header": false,
          "text": "$1",
          "tokens": [
            {
              "escaped": false,
              "raw": "$1",
              "text": "$1",
              "type": "text",
            },
          ],
        },
      ],
    ],
    "type": "table",
  },
]
`;

exports[`tokenize > parse tables special 1`] = `
[
  {
    "align": [
      null,
      null,
      null,
    ],
    "header": [
      {
        "align": null,
        "header": true,
        "text": "Markdown",
        "tokens": [
          {
            "escaped": false,
            "raw": "Markdown",
            "text": "Markdown",
            "type": "text",
          },
        ],
      },
      {
        "align": null,
        "header": true,
        "text": "Less",
        "tokens": [
          {
            "escaped": false,
            "raw": "Less",
            "text": "Less",
            "type": "text",
          },
        ],
      },
      {
        "align": null,
        "header": true,
        "text": "Pretty",
        "tokens": [
          {
            "escaped": false,
            "raw": "Pretty",
            "text": "Pretty",
            "type": "text",
          },
        ],
      },
    ],
    "raw": "Markdown | Less | Pretty
--- | --- | ---
*Still* | \`renders\` | **nicely**
1 | 2 | 3",
    "rows": [
      [
        {
          "align": null,
          "header": false,
          "text": "*Still*",
          "tokens": [
            {
              "raw": "*Still*",
              "text": "Still",
              "tokens": [
                {
                  "escaped": false,
                  "raw": "Still",
                  "text": "Still",
                  "type": "text",
                },
              ],
              "type": "em",
            },
          ],
        },
        {
          "align": null,
          "header": false,
          "text": "\`renders\`",
          "tokens": [
            {
              "raw": "\`renders\`",
              "text": "renders",
              "type": "codespan",
            },
          ],
        },
        {
          "align": null,
          "header": false,
          "text": "**nicely**",
          "tokens": [
            {
              "raw": "**nicely**",
              "text": "nicely",
              "tokens": [
                {
                  "escaped": false,
                  "raw": "nicely",
                  "text": "nicely",
                  "type": "text",
                },
              ],
              "type": "strong",
            },
          ],
        },
      ],
      [
        {
          "align": null,
          "header": false,
          "text": "1",
          "tokens": [
            {
              "escaped": false,
              "raw": "1",
              "text": "1",
              "type": "text",
            },
          ],
        },
        {
          "align": null,
          "header": false,
          "text": "2",
          "tokens": [
            {
              "escaped": false,
              "raw": "2",
              "text": "2",
              "type": "text",
            },
          ],
        },
        {
          "align": null,
          "header": false,
          "text": "3",
          "tokens": [
            {
              "escaped": false,
              "raw": "3",
              "text": "3",
              "type": "text",
            },
          ],
        },
      ],
    ],
    "type": "table",
  },
]
`;

exports[`tokenize > parse task list 1`] = `
[
  {
    "items": [
      {
        "checked": true,
        "loose": false,
        "raw": "- [x] Finish my changes
",
        "task": true,
        "text": "Finish my changes",
        "tokens": [
          {
            "raw": "Finish my changes",
            "text": "Finish my changes",
            "tokens": [
              {
                "escaped": false,
                "raw": "Finish my changes",
                "text": "Finish my changes",
                "type": "text",
              },
            ],
            "type": "text",
          },
        ],
        "type": "list_item",
      },
      {
        "checked": false,
        "loose": false,
        "raw": "- [ ] Push my commits to GitHub
",
        "task": true,
        "text": "Push my commits to GitHub",
        "tokens": [
          {
            "raw": "Push my commits to GitHub",
            "text": "Push my commits to GitHub",
            "tokens": [
              {
                "escaped": false,
                "raw": "Push my commits to GitHub",
                "text": "Push my commits to GitHub",
                "type": "text",
              },
            ],
            "type": "text",
          },
        ],
        "type": "list_item",
      },
      {
        "checked": false,
        "loose": false,
        "raw": "- [ ] Open a pull request
",
        "task": true,
        "text": "Open a pull request",
        "tokens": [
          {
            "raw": "Open a pull request",
            "text": "Open a pull request",
            "tokens": [
              {
                "escaped": false,
                "raw": "Open a pull request",
                "text": "Open a pull request",
                "type": "text",
              },
            ],
            "type": "text",
          },
        ],
        "type": "list_item",
      },
      {
        "checked": true,
        "loose": false,
        "raw": "- [x] @mentions, #refs, [links](), **formatting**, and <del>tags</del> supported
",
        "task": true,
        "text": "@mentions, #refs, [links](), **formatting**, and <del>tags</del> supported",
        "tokens": [
          {
            "raw": "@mentions, #refs, [links](), **formatting**, and <del>tags</del> supported",
            "text": "@mentions, #refs, [links](), **formatting**, and <del>tags</del> supported",
            "tokens": [
              {
                "escaped": false,
                "raw": "@mentions, #refs, ",
                "text": "@mentions, #refs, ",
                "type": "text",
              },
              {
                "href": "",
                "raw": "[links]()",
                "text": "links",
                "title": null,
                "tokens": [
                  {
                    "escaped": false,
                    "raw": "links",
                    "text": "links",
                    "type": "text",
                  },
                ],
                "type": "link",
              },
              {
                "escaped": false,
                "raw": ", ",
                "text": ", ",
                "type": "text",
              },
              {
                "raw": "**formatting**",
                "text": "formatting",
                "tokens": [
                  {
                    "escaped": false,
                    "raw": "formatting",
                    "text": "formatting",
                    "type": "text",
                  },
                ],
                "type": "strong",
              },
              {
                "escaped": false,
                "raw": ", and ",
                "text": ", and ",
                "type": "text",
              },
              {
                "block": false,
                "inLink": false,
                "inRawBlock": false,
                "raw": "<del>",
                "text": "<del>",
                "type": "html",
              },
              {
                "escaped": false,
                "raw": "tags",
                "text": "tags",
                "type": "text",
              },
              {
                "block": false,
                "inLink": false,
                "inRawBlock": false,
                "raw": "</del>",
                "text": "</del>",
                "type": "html",
              },
              {
                "escaped": false,
                "raw": " supported",
                "text": " supported",
                "type": "text",
              },
            ],
            "type": "text",
          },
        ],
        "type": "list_item",
      },
      {
        "checked": true,
        "loose": false,
        "raw": "- [x] list syntax required (any unordered or ordered list supported)
",
        "task": true,
        "text": "list syntax required (any unordered or ordered list supported)",
        "tokens": [
          {
            "raw": "list syntax required (any unordered or ordered list supported)",
            "text": "list syntax required (any unordered or ordered list supported)",
            "tokens": [
              {
                "escaped": false,
                "raw": "list syntax required (any unordered or ordered list supported)",
                "text": "list syntax required (any unordered or ordered list supported)",
                "type": "text",
              },
            ],
            "type": "text",
          },
        ],
        "type": "list_item",
      },
      {
        "checked": false,
        "loose": false,
        "raw": "- [ ] this is a complete item
",
        "task": true,
        "text": "this is a complete item",
        "tokens": [
          {
            "raw": "this is a complete item",
            "text": "this is a complete item",
            "tokens": [
              {
                "escaped": false,
                "raw": "this is a complete item",
                "text": "this is a complete item",
                "type": "text",
              },
            ],
            "type": "text",
          },
        ],
        "type": "list_item",
      },
      {
        "checked": false,
        "loose": false,
        "raw": "- [ ] this is an incomplete item",
        "task": true,
        "text": "this is an incomplete item",
        "tokens": [
          {
            "raw": "this is an incomplete item",
            "text": "this is an incomplete item",
            "tokens": [
              {
                "escaped": false,
                "raw": "this is an incomplete item",
                "text": "this is an incomplete item",
                "type": "text",
              },
            ],
            "type": "text",
          },
        ],
        "type": "list_item",
      },
    ],
    "loose": false,
    "ordered": false,
    "raw": "- [x] Finish my changes
- [ ] Push my commits to GitHub
- [ ] Open a pull request
- [x] @mentions, #refs, [links](), **formatting**, and <del>tags</del> supported
- [x] list syntax required (any unordered or ordered list supported)
- [ ] this is a complete item
- [ ] this is an incomplete item",
    "start": "",
    "type": "list",
  },
]
`;
